BBAAAAAAAAAABBAABBAABBAABBAAAAAAAAAABGGAAAAAAAAAEEEEAAAAAAAAAGGBAAAAAAAAAAAAAAAAAAABGGGGGBAAAAAAAAAA
BBAAAAAAAAAABBAABBAABBAABBAAAAAAAAAABGGAAAAAAAEEEEEEEEAAAAAAAGGBAAAAAAAAAAAAAAAAAAABGGGGGBAAAAAAAAAA
AAAAAAAAAAAAAAAAAAAAAAAAAAAAAAAAAAAABGGAAAAAAEEEEEEEEEEAAAAAAGGBAAAAAAAAAAAAAAAAAAABGGGGGBAAAAAAAAAA
AAAAAAAAAAAAAAAAAAAAAAAAAAAAAAAAAAAABGGAAAAAEEEEEEEEEEEEAAAAAGGBAAAAAAAAAAAAAAAAAAABGGGGGBAAAAAAAAAA
AAAABBBBBBAAAABBAABBAABBAAAAAAAAAAAABGGAAAAAEEEEEEEEEEEEAAAAAGGBAAAAAAAAAAAAAAAAAAABGGGGGBAAAAAAAAAA
AAAAAAAAABAAAABBAABBAABBAAAAAAAAAAAABGGAAAAEEEEEEEEEEEEEEAAAAGGBAAAAAAAAAAAAAAAAAAABGGGGGBAAAAAAAAAA
AAAAAAAAABAAAAAAAAAAAAAAAAAAAAAAAAAAAAAAAAAEEEEEEEEEEEEEEAAAAAAAAAAAAAAAAAAAABAAAAABGGGGGBAAAAAAAAAA
BBAAAAAAABAAAAAAAAAAAAAAAAAAAAAAAAAAAAAAAAAEEEEEEEEEEEEEEAAAAAAAAAAAAAAAAAAAGBAAAAABGGGGGAAAAAAAAAAA
BBAAAAAAABAAAABBAAAAAAAAAAAAAAAAAAAAAAAAAAAEEEEEEEEEEEEEEAAAAAAAAAAAAAAAAAAGGBAAAAABGGGGAAAAAAAAAAAA
AAAABBBBBBAAAABBAAAABBBBBBAAAAAAAAAAAAAAAAAAEEEEEEEEEEEEAAAAAAAAAAAAAAAAAAGGGBAAAAABGGGAAAAAAAAAAAAA
AAAABAAAAAAAAAAAAAAABAAAABAAAAAAAAAABAAAAAAAEEEEEEEEEEEEAAAAAAABAAAAAAAAAGGGGBAAAAABGGAAAAAAABBBBBBB
AAAABAAAAAAAAAAAAAAABAAAABAAAAAAAAAABAAAAAAAAEEEEEEEEEEAAAAAAAABAAAAAAAAAGGGGBAAAAABGAAAAAAAGGGGGGGG
AAAABAAAAAAAAABBAAAABAAAABAAAAAAAAAABGGAAAAAAAEEEEEEEEAAAAAAAGGBAAAAAAAAAGGGGBAAAAABAAAAAAAGGGGGGGGG
AAAABAAAAAAAAABBAAAABAAAABAAAAAAAAAABGGAAAAAAAAAEEEEAAAAAAAAAGGBAAAAAAAAAGGGGBAAAAAAAAAAAAGGGGGGGGGG
AAAABBBBBBAAAAAAAAAABAAAABAAAAAAAAAABGGGAAAAAAAAAAAAAAAAAAAAGGGBAAAAAAAAAGGGGBAAAAAAAAAAAGGGGGGGGGGG
AAAAAAAAAAAAAAAAAAAAAAAAAAAAAAAAAAAABGGGAAAAAAAAAAAAAAAAAAAAGGGBAAAAAAAAAGGGGBAAAAAAAAAAGGGGGGGGGGGG
AAAAAAAAAAAAAAAAAAAAAAAAAAAAAAAAAAAABGGGGGAAAAAAAAAAAAAAAAGGGGGBAAAAAAAAAGGGGBAAAAAAAAABBBBBBBBBBBBB
AAAAAAAABBAAAAAAAAAAAAAAAAAAAAAAAAAABGGGGGGGAAAAGGGGAAAAGGGGGGGBAAAAAAAAAGGGGBAAAAAAAAAAAAAAAAAAAAAA
AAAAAAAABBAAAAAAAAAAAAAAAAAAAAAAAAAABGGGGGGGAAAAGGGGAAAAGGGGGGGBAAAAAAAAAGGGGBAAAAAAAAAAAAAAAAAAAAAA
AAAABBAAAAAAAABAAAABBBBBBAAAAAAAAAAABBBBBBBBAAAABBBBAAAABBBBBBBBAAAAAAAAAGGGGGAAAAAAAAAAAAAAAAAAAAAA
AAAABBAAAAAAAABAAAABAAAAAAAAAAAAAAAAAAAAAAAAAAAAAAAAAAAAAAAAAAAAAAAAAAAAAGGGGGGAAAAAAAAAAAAAAAAAAAAA
BBAAAAAABBAAAABAAAABAAAAAAAAAAAAAAAAAAAAAAAAAAAAAAAAAAAAAAAAAAAAAAAAAAAAAGGGGGGGAAAAAAAAAAAAAAAAAAAA
BBAAAAAABBAAAABAAAABAAAAAAAAAAAAAAAAAAAAAAAAAAAAAAAAAAAAAAAAAAAAAAAAAAAAAGGGGGGGGBBBBBBBBBBBBBAAAAAA
AAAABBAAAAAAAABAAAABAAAAAAAAAAAAAAAAAAAAAAAAAAAAAAAAAAAAAAAAAAAAAAAAAAAAAAGGGGGGGGGGGGGGGGGGGAAAAAAA
AAAABBAAAAAAAABBBBBBBBBBBAAAAAAAAAAAAAAAAAAAAAAAAAAAAAAAAAAAAAAAAAAAAAAAAAAGGGGGGGGGGGGGGGGGAAAAAAAA
AAAAAAAAAAAAAAAAAAAAAAAAAAAAAAAAAAAAAAAAAAAAAAAAAAAAAAAAAAAAAAAAAAAAAAAAAAAAGGGGGGGGGGGGGGGAAAAAAAAA
AAAAAAAAAAAAAAAAAAAAAAAAAAAAAAAAAAAAAAAAAAAAAAAAAAAAAAAAAAAAAAAAAAAAAAAAAAAAAGGGGGGGGGGGGGAAAAAAAAAA
AAAAAAAAAAAAAAAAAAAAAAAAAAAWWWWWWWWWWWWWWWWWWWWWAAAAWWWWWWWWWWWWWWWWWWWWWAAAAAAAAAAAAAAAAAAAAAAAAAAA
AAAAAAAAAAAAAAAAAAAAAAAAAAAWWWWWWWWWWWWWWWWWWWWWAAAAWWWWWWWWWWWWWWWWWWWWWAAAAAAAAAAAAAAAAAAAAAAAAAAA
AAAAAAAAAAAAAAAAAAAAAAAAAAAWWWWWWWWWWWWWWWWWWWWWAAAAWWWWWWWWWWWWWWWWWWWWWAAAAAAAAAAAAAAAAAAAAAAAAAAA
AAAAAAAAAAAAAAAAAAAAAAAAAAAWWWWWWWWWWWWWWWWWWWWWAAAAWWWWWWWWWWWWWWWWWWWWWAAAAAAAAAAAAAAAAAAAAAAAAAAA
AAAAAAAAAAAAAAAAAAAAAAAAAAAWWWWWWWWWWWWWWWWWWWWWAAAAWWWWWWWWWWWWWWWWWWWWWAAAAAAAAAAAAAAAAAAAAAAAAAAA
AAAAAAAAAAAAAAAAAAAAAAAAAAAWWWWWAAAAAAAAAAAAAAAAAAAAAAAAAAAAAAAAAAAAWWWWWAAAAAAAAAAAAAAAAAAAAAAAAAAA
AAAAAAAAAAAAAAAAAAAAAAAAAAAWWWWWAAAAAAAAAAAAAAAAAAAAAAAAAAAAAAAAAAAAWWWWWAAAAAAAAAAAAAAAAAAAAAAAAAAA
AAAAAAAAAAAAAAAAAAAAAAAAAAAWWWWWAAAAAAAAAAAAAAAAAAAAAAAAAAAAAAAAAAAAWWWWWAAAAAAAAAAAAAAAAAAAAAAAAAAA
AAAAAAAAAAAAAAAAAAAAAAAAAAAWWWWWAAABAAAABBBBBBBBBBBBBBBBBBBBAAAABAAAWWWWWAAAAAAAAAAAAAAAAAAAAAAAAAAA
AAAAAAAAAAAAAAAAAAAAAAAAAAAWWWWWAAABAAAAAAAAAAAAAAAAAAAAAAAAAAAABAAAWWWWWAAAAAAAAAAAAAAAAAAAAAAAAAAA
AAAAAAAAAAAAAAAAAAAAAAAAAAAWWWWWAAABAAAAAAAAAAAAAAAAAAAAAAAAAAAABAAAWWWWWAAAAAAAAAAAAAAAAAAAAAAAAAAA
AAAAAAAAAAAAAAAAAAAAAAAAAAAWWWWWAAABAAAAAAAAAAAAAAAAAAAAAAAAAAAABAAAWWWWWAAAAAAAAAAAAAAAAAAAAAAAAAAA
AAAAAAAAAAAAAAAAAAAAAAAAAAAWWWWWAAABAAAAAAAAAAAAAAAAAAAAAAAAAAAABAAAWWWWWAAAAAAAAAAAAAAAAAAAAAAAAAAA
AAAAAAAAAAAAAAAAAAAAAAAAAAAWWWWWAAABAAAABBBAAAAAAAAAAAAAABBBAAAABAAAWWWWWAAAAAAAAAAAAAAAAAAAAAAAAAAA
AAAAAAAAAAAAAAAAAAAAAAAAAAAWWWWWAAABAAAABBBAAAAAAAAAAAAAABBBAAAABAAAWWWWWAAAAAAAAAAAAAAAAAAAAAAAAAAA
AAAAAAAAAAAAAAAAAAAAAAAAAAAWWWWWAAABAAAABBBAAAAAAAAAAAAAABBBAAAABAAAWWWWWAAAAAAAAAAAAAAAAAAAAAAAAAAA
AAAAAAAAAAAAAAAAAAAAAAAAAAAWWWWWAAABAAAAAAAAAAAABBBBAAAAAAAAAAAABAAAWWWWWAAAAAAAAAAAAAAAAAAAAAAAAAAA
AAAAAAAAAAAAAAAAAAAAAAAAAAAWWWWWAAABAAAAAAAAAAAAAAAAAAAAAAAAAAAABAAAWWWWWAAAAAAAAAAAAAAAAAAAAAAAAAAA
AAAAAAAAAAAAAAAAAAAAAAAAAAAWWWWWAAABAAAAAAAAAAAAAAAAAAAAAAAAAAAABAAAWWWWWAAAAAAAAAAAAAAAAAAAAAAAAAAA
AAAAAAAAAAAAAAAAAAAAAAAAAAAWWWWWAAABAAAAAAAAAAAAAAAAAAAAAAAAAAAABAAAWWWWWAAAAAAAAAAAAAAAAAAAAAAAAAAA
AAAAAAAAAAAAAAAAAAAAAAAAAAAWWWWWAAABAAAAAAAAAAAAAABAAAAAAAAAAAAABAAAWWWWWAAAAAAAAAAAAAAAAAAAAAAAAAAA
AAAAAAAAAAAAAAAAAAAAAAAAAAAAAAAAAAABAAAAAAABAAAAAEBAAAAABAAAAAAABAAAAAAAAAAAAAAAAAAAAAAAAAAAAAAAAAAA
AAAAAAAAAAAAAAAAAAAAAAAAAAAAAAAAAAABAAAAAAABAAAAAABAAAAABAAAAAAABAAAAAAAAAAAAAAAAAAAAAAAAAAAAAAAAAAA
AAAAAAAAAAAAAAAAAAAAAAAAAAAAAAAAAAABAAAAAAABAAAAABAAAAAABAAAAAAABAAAAAAAAAAAAAAAAAAAAAAAAAAAAAAAAAAA
AAAAAAAAAAAAAAAAAAAAAAAAAAAAAAAAAAABAAAAAAABAAAAABEAAAAABAAAAAAABAAAAAAAAAAAAAAAAAAAAAAAAAAAAAAAAAAA
AAAAAAAAAAAAAAAAAAAAAAAAAAAWWWWWAAABAAAAAAAAAAAAABAAAAAAAAAAAAAABAAAWWWWWAAAAAAAAAAAAAAAAAAAAAAAAAAA
AAAAAAAAAAAAAAAAAAAAAAAAAAAWWWWWAAABAAAAAAAAAAAAAAAAAAAAAAAAAAAABAAAWWWWWAAAAAAAAAAAAAAAAAAAAAAAAAAA
AAAAAAAAAAAAAAAAAAAAAAAAAAAWWWWWAAABAAAAAAAAAAAAAAAAAAAAAAAAAAAABAAAWWWWWAAAAAAAAAAAAAAAAAAAAAAAAAAA
AAAAAAAAAAAAAAAAAAAAAAAAAAAWWWWWAAABAAAAAAAAAAAAAAAAAAAAAAAAAAAABAAAWWWWWAAAAAAAAAAAAAAAAAAAAAAAAAAA
AAAAAAAAAAAAAAAAAAAAAAAAAAAWWWWWAAABAAAAAAAAAAAABBBBAAAAAAAAAAAABAAAWWWWWAAAAAAAAAAAAAAAAAAAAAAAAAAA
AAAAAAAAAAAAAAAAAAAAAAAAAAAWWWWWAAABAAAABBBAAAAAAAAAAAAAABBBAAAABAAAWWWWWAAAAAAAAAAAAAAAAAAAAAAAAAAA
AAAAAAAAAAAAAAAAAAAAAAAAAAAWWWWWAAABAAAABBBAAAAAAAAAAAAAABBBAAAABAAAWWWWWAAAAAAAAAAAAAAAAAAAAAAAAAAA
AAAAAAAAAAAAAAAAAAAAAAAAAAAWWWWWAAABAAAABBBAAAAAAAAAAAAAABBBAAAABAAAWWWWWAAAAAAAAAAAAAAAAAAAAAAAAAAA
AAAAAAAAAAAAAAAAAAAAAAAAAAAWWWWWAAABAAAAAAAAAAAAAAAAAAAAAAAAAAAABAAAWWWWWAAAAAAAAAAAAAAAAAAAAAAAAAAA
AAAAAAAAAAAAAAAAAAAAAAAAAAAWWWWWAAABAAAAAAAAAAAAAAAAAAAAAAAAAAAABAAAWWWWWAAAAAAAAAAAAAAAAAAAAAAAAAAA
AAAAAAAAAAAAAAAAAAAAAAAAAAAWWWWWAAABAAAAAAAAAAAAAAAAAAAAAAAAAAAABAAAWWWWWAAAAAAAAAAAAAAAAAAAAAAAAAAA
AAAAAAAAAAAAAAAAAAAAAAAAAAAWWWWWAAABAAAAAAAAAAAAAAAAAAAAAAAAAAAABAAAWWWWWAAAAAAAAAAAAAAAAAAAAAAAAAAA
AAAAAAAAAAAAAAAAAAAAAAAAAAAWWWWWAAABAAAABBBBBBBBBBBBBBBBBBBBAAAABAAAWWWWWAAAAAAAAAAAAAAAAAAAAAAAAAAA
AAAAAAAAAAAAAAAAAAAAAAAAAAAWWWWWAAAAAAAAAAAAAAAAAAAAAAAAAAAAAAAAAAAAWWWWWAAAAAAAAAAAAAAAAAAAAAAAAAAA
AAAAAAAAAAAAAAAAAAAAAAAAAAAWWWWWAAAAAAAAAAAAAAAAAAAAAAAAAAAAAAAAAAAAWWWWWAAAAAAAAAAAAAAAAAAAAAAAAAAA
AAAAAAAAAAAAAAAAAAAAAAAAAAAWWWWWAAAAAAAAAAAAAAAAAAAAAAAAAAAAAAAAAAAAWWWWWAAAAAAAAAAAAAAAAAAAAAAAAAAA
AAAAAAAAAAAAAAAAAAAAAAAAAAAWWWWWWWWWWWWWWWWWWWWWAAAAWWWWWWWWWWWWWWWWWWWWWAAAAAAAAAAAAAAAAAAAAAAAAAAA
AAAAAAAAAAAAAAAAAAAAAAAAAAAWWWWWWWWWWWWWWWWWWWWWAAAAWWWWWWWWWWWWWWWWWWWWWAAAAAAAAAAAAAAAAAAAAAAAAAAA
AAAAAAAAAAAAAAAAAAAAAAAAAAAWWWWWWWWWWWWWWWWWWWWWAAAAWWWWWWWWWWWWWWWWWWWWWAAAAAAAAAAAAAAAAAAAAAAAAAAA
AAAAAAAAAAAAAAAAAAAAAAAAAAAWWWWWWWWWWWWWWWWWWWWWAAAAWWWWWWWWWWWWWWWWWWWWWAAAAAAAAAAAAAAAAAAAAAAAAAAA
AAAAAAAAAAAAAAAAAAAAAAAAAAAWWWWWWWWWWWWWWWWWWWWWAAAAWWWWWWWWWWWWWWWWWWWWWAAAAAAAAAAAAAAAAAAAAAAAAAAA
AAAAAAAAAAAAAAAAAAAAAAAAAAAAAAAAAAAAAAAAAAAAAAAAAAAAAAAAAAAAAAAAAAAAAAAAAAAGGBBBBBBGGAAAAAAAAAAAAAAA
AAAAAAAAAAAAAAAAAAAAAAAAAAAAAAAAAAAAAAAAAAAAAAAAAAAAAAAAAAAAAAAAAAAAAAAAAAAGGWWWWWWGGAAAAAAAAAAAAAAA
AAAAAAAAAAAAAAAAAAAAAAAAAAAAAAAAAAAAAAAAAAAAAAAAAAAAAAAAAAAAAAAAAAAAAAAAAAAGGWWWWWWGGAAAAAAAAAAAAAAA
AAAAAAAAAAAAAAAAAAAAAAAAAAAAAAAAAAAAAAAAAAAAAAAAAAAAAAAAAAAAAAAAAAAAAAAAAAAGGWWWWWWGGAAAAAAAAAAAAAAA
AAAAAAAAAAAAAAAAAAAAAAAAAAAAAAAAAAAAAAAAAAAAAAAAAAAAAAAAAAAAAAAAAAAAAAAAAAAGGWWWWWWGGAAAAAAAAAAAAAAA
BBBBWWWWBBBBAAAABBBBWWWWAAAAAAAAAAAAAAAAAAAAAAAAAAAAAAAAAAAAAAAAAAAAAAAAAAAGGWWWWWWGGAAAABBBBBBBBBBB
BBBBWWWWBBBBAAAABBBBWWWWAAAAAAAAAAAAAAAAAAAAAAAAAAAAAAAAAAAAAAAAAAAAAAAAAAAGGWWWWWWGGAAAAAAAAAAAAAAA
AAAAAAAAAAAAAAAAAAAAAAAAAAAAWWWWWWWWWWWWWWWWWWWWAAAAWWWWWWWWWWWWWWWWWWWWAAAGGWWWWWWGGAAAAAAAAAAAAAAA
AAAAAAAAAAAAAAAAAAAAAAAAAAAAWWWWWWWWWWWWWWWWWWWWAAAAWWWWWWWWWWWWWWWWWWWWAAAGGWWWWWWGGAAAAAAAAAAAAAAA
AAAAAAAAAAAAAAAAAAAAAAAAAAAAWWWWWWWWWWWWWWWWWWWWAAAAWWWWWWWWWWWWWWWWWWWWAAAGGWWWWWWGGAAAAAAAAAAAAAAA
AAAAAAAAAAAAAAAAAAAAAAAAAAAAWWWWWWWWWWWWWWWWWWWWAAAAWWWWWWWWWWWWWWWWWWWWBBBBBBAAAABBBBBBAAAABAAAAAAA
AAAABBAAAAWWAAAABBAAAAWWAAAAWWWWWWWWWWWWWWWWWWWWAAAAWWWWWWWWWWWWWWWWWWWWAAAAABAAAABGGGGAAAAGBAAAAAAA
AAAABBAAAAWWAAAABBAAAAWWAAAAWWWWWWWWWWWWWWWWWWWWAAAAWWWWWWWWWWWWWWWWWWWWAAAAABAAAABGGGAAAAGGBAAAAAAA
AAAABBAAAAWWAAAABBAAAAWWAAAAWWWWWWWWWWWWWWWWWWWWAAAAWWWWWWWWWWWWWWWWWWWWAAAAABAAAABGGAAAAGGGBAAAAAAA
AAAABBAAAAWWAAAABBAAAAWWAAAAWWWWWWWWWWWWWWWWWWWWAAAAWWWWWWWWWWWWWWWWWWWWAAAAABAAAABGAAAAGGGGBAAAAAAA
AAAAAAAAAABBAAAAAAAAAABBAAAAWWWWWWWWWWWWWWWWWWWWAAAAWWWWWWWWWWWWWWWWWWWWAAAAABAAAABAAAABBBBBBAAAAAAA
AAAAAAAAAABBAAAAAAAAAABBAAAAWWWWWWWWWWWWWWWWWWWWAAAAWWWWWWWWWWWWWWWWWWWWAAAAAAAAAAAAAAAWWWWWWWWBGGGG
AAAAAAAAAABBAAAAAAAAAABBAAAAWWWWWWWWWWWWWWWWWWWWAAAAWWWWWWWWWWWWWWWWWWWWAAAAAAAAAAAAAAAWWWWWWWWBGGGG
AAAAAAAAAABBAAAAAAAAAABBAAAAWWWWWWAAAAAAAAAAAAAAAAAAAAAAAAAAAAAAAAWWWWWWAAAAAAAAAAAAAAAWWWWWWWWBGGGG
AAAABBAAAAWWAAAABBAAAAWWAAAAWWWWWWAAAAAAAAAAAAAAAAAAAAAAAAAAAAAAAAWWWWWWAAAAAAAAAAAAAAAWWWWWWWWBGGGG
AAAABBAAAAWWAAAABBAAAAWWAAAAWWWWWWAAAAAAAAAAAAAAAAAAAAAAAAAAAAAAAAWWWWWWAAAAAAAAAAAAAAAWWWWWWWWBGGGG
AAAABBAAAAWWAAAABBAAAAWWAAAAWWWWWWAAAAAAAAAAAAAAAAAAAAAAAAAAAAAAAAWWWWWWAAAAABBBBBBAAAAAAAABBBBBGGGG
AAAABBAAAAWWAAAABBAAAAWWAAAAWWWWWWEEEEEEEEEEEEEEEEEEEEEEEEEEEEEEEEWWWWWWAAAAAGGGGGGAAAAAAAAAAAABGGGG
AAAAWWAAAABBAAAAWWAAAABBAAAAWWWWWWEEEEEEEEEEEEEEEEEEEEEEEEEEEEEEEEWWWWWWAAAAAGGGGGGAAAAAAAAAAAABGGGG
AAAAWWAAAABBAAAAWWAAAABBAAAAWWWWWWEEEEEEEEEEEEEEEEEEEEEEEEEEEEEEEEWWWWWWAAAAAGGGGGGAAAAAAAAAAAABGGGG
AAAAWWAAAABBAAAAWWAAAABBAAAAWWWWWWEEEEEEEEEEEEEEEEEEEEEEEEEEEEEEEEWWWWWWAAAAAGGGGGGAAAAAAAAAAAABGGGG
AAAAWWAAAABBAAAAWWAAAABBAAAAWWWWWWEEEEEEEEEEEEEEEEEEEEEEEEEEEEEEEEWWWWWWAAAAAGGGGGGAAAAAAAAAAAABGGGG
