AAAAAAAAAAAAAAAAAAAAAAGGGGGGGGGGGGGGGAAAAAAAAAAAAAAAAAAAAAAAAAAAAAAAAAAAAAAAAAAAAAAGGGGGGGGGGGGGGGGG
AAAAAAAAAAAAAAAAAAAAAAGGGGGGGGGGGGGGGAAAAAAAAAAAAAAAAAAAAAAAAAAAAAAAAAAAAAAAAAAAAAAGGGGGGGGGGGGGGGGG
AAAAAAAAAAAAAAAAAAAAAAGGGGGGGGGGGGGGGAAAAAAAAAAAAAAAAAAAAAAAAAAAAAAAAAAAAAAAAAAAAAAGGGGGGGGGGGGGGGGG
AAAAAAAAAAAAAAAAAAAAAAGGGGGGGGGGGGGGGAAAAAAAAAAAAAAAAAAAAAAAAAAAAAAAAAAAAAAAAAAAAAAGGGGGGGGGGGGGGGGG
AAAAAAAAAAAAAAAAAAAAAGGGGGGGGGGGGGGGGAAAAAAAAAAAAAAAAAAAAAAAAAAAAAAAAAAAAAAAAAAAAAAAGGGGGGGGGGGGGGGG
AAAAAAAAAAAAAAAAAAAAAGGGGGGGGGGGGGGGGAAAAAAAAAAAAAAAAAAAAAAAAAAAAAAAAAAAAAAAAAAAAAAAGGGGGGGGGGGGGGGG
AAAAAAAAAAAAAAAAAAAAAGGGGGGGGGGGGGGGGAAAAAAAAAAAAAAAAAAAAAAAAABAAAAAAAAAAAAAAAAAAAAAGGGGGGGGGGGGGGGG
AAAAAAAAAAAAAAAAAAAAAGGGGGGGGGGGGGGGGAAAAAAAAAAAAAAAAAAAAAAAAABAAAAAAAAAAAAAAAAAAAAAAGGGGGGGGGGGGGGG
AAAAAAAAAAAAAAAAAAAAGGGGGGGGGGGGGGGGGAAAAAAAAAAAAAAAAAAAAAAAAABBAAAAAAAAAAAAAAAAAAAAAGGGGGGGGGGGGGGG
AAAAAAAAAAAAAAAAAAAAGGGGGGGGGGGGGGGGGAAAAAAAAAAAAAAAAAAAAAAAAABBAAAAAAAAAAAAAAAAAAAAAAGGGGGGGGGGGGGG
AAAAAAAAAAAAAAAAAAAGGGGGGGGGGGGGGGGGAAAAAAAAAAAAAAAAAAAAAAAAAABBAAAAAAAAAAAAAAAAAAAAAAAGGGGGGGGGGGGG
AAAAAAAAAAAAAAAAAAAGGGGGGGGGGGGGGGGGAAAAAAAAAAAAAAAAAAAAAAAAAAABAAAAAAAAAAAAAAAAAAAAAAAGGGGGGGGGGGGG
AAAAAAAAAAAAAAAAAAGGGGGGGGGGGGGGGGGGAAAAAAAAAAAAAAAAAAAAAAAAAAABBAAAAAAAAAAAAAAAAAAAAAAAGGGGGGGGGGGG
AAAAAAAAAAAAAAAAAGGGGGGGGGGGGGGGGGGGAAAAAAAAAAAAAAAAAAAAAAAAAAABBAAAAAAAAAAAAAAAAAAAAAAAAAGGGGGGGGGG
AAAAAAAAAAAAAAAAAGGGGGGGGGGGGGGGGGGAAAAAAAAAAAAAAAAAAAAAAAAAAAAABAAAAAAAAAAAAAAAAAAAAAAAAAAGGGGGGGGG
AAAAAAAAAAAAAAAAGGGGGGGGGGGGGGGGGGGAAAAAAAAAAAAAAAAAAAAAAAAAAAAABBAAAAAAAAAAAAAAAAAAAAAAAAAAAGGGGGGG
AAAAAAAAAAAAAAAGGGGGGGGGGGGGGGGGGGAAAAAAAAAAAAAAAAAAAAAAAAAAAAAAABAAAAAAAAAAAAAAAAAAAAAAAAAAAAAAGGGG
AAAAAAAAAAAAAGGGGGGGGGGGGGGGGGGGGGAAAAAAAAAAAAAAAAAAAAAAAAAAAAAAABBAAAAAAAAAAAAAAAAAAAAAAAAAAAAAAAAA
AAAAAAAAAAAAGGGGGGGGGGGGGGGGGGGGGAAAAAAAAAAAAAAAAAAAAAAAAAAAAAAAAABAAAAAAAAAAAAAAAAAAAAAAAAAAAAAAAAA
AAAAAAAAAAGGGGGGGGGGGGGGGGGGGGGGGAAAAAAAAAAAAAAAAAAAAAAAAAAAAAAAAABBAAAAAAAAAAAAAAAAAAAAAAAAAAAAAAAA
AAAAAAAAGGGGGGGGGGGGGGGGGGGGGGGGAAAAAAAAAAAAAAAAAAAAAAAAAAAAAAAAAAABBAAAAAAAAAAAAAAAAAAAAAAAAAAAAAAA
AAAAGGGGGGGGGGGGGGGGGGGGGGGGGGGAAAAAAAAAWWWWAAAAAAAAAWWWWAAAAAAAAAABBAAAAAAAAAAAAAAAAAAAAAAAAAAAAAAA
GGGGGGGGGGGGGGGGGGGGGGGGGGGGGGGAAAAAAAWWWWWWAAAAAAAAAWWWWWWAAAAAAAAABBAAAAAAAAAAAAAAAAAAAAAAAAAAAAAA
GGGGGGGGGGGGGGGGGGGGGGGGGGGGGGAAAAAAWWWWWWWWAAAAAAAAAWWWWWWWWAAAAAAAABBAAAAAAAAAAAAAAAAAAAAAAAAAAAAA
GGGGGGGGGGGGGGGGGGGGGGGGGGGGGAAAAAWWWWWWWWWWAAAAAAAAAWWWWWWWWWWAAAAAAABBAAAAAAAAAAAAAAAAAAAAAAAAAAAA
GGGGGGGGGGGGGGGGGGGGGGGGGGGGAAAAAWWWWWWWWWWWAAAAAAAAAWWWWWWWWWWWAAAAAABBAAAAAAAAAAAAAAAAAAAAAAAAAAAA
GGGGGGGGGGGGGGGGGGGGGGGGGGGAAAAWWWWWWWWWWWWWAAAAAAAAAWWWWWWWWWWWWWAAAAABBAAAAAAAAAAAAAAAAAAAAAAAAAAA
GGGGGGGGGGGGGGGGGGGGGGGGGGAAAAWWWWWWWWWWWWWWAAAAAAAAAWWWWWWWWWWWWWWAAAAABBAAAAAAAAAAAAAAAAAAAAAAAAAA
GGGGGGGGGGGGGGGGGGGGGGGGGAAAAWWWWWWWWWWWWWWWAAAAAAAAAWWWWWWWWWWWWWWWAAAAABBBAAAAAAAAAAAAAAAAAAAAAAAA
GGGGGGGGGGGGGGGGGGGGGGGGAAAAWWWWWWWWWWWWWWWWAAAAAAAAAWWWWWWWWWWWWWWWWAAAAABBBAAAAAAAAAAAAAAAAAAAAAAA
GGGGGGGGGGGGGGGGGGGGGGGAAAAAWWWWWWWWWWWWWWWWAAAAAAAAAWWWWWWWWWWWWWWWWAAAAAAABBAAAAAAAAAAAAAAAAAAAAAA
GGGGGGGGGGGGGGGGGGGGGAAAAAAWWWWWWWWWWWWWWWWWAAAAAAAAAWWWWWWWWWWWWWWWWWAAAAAAABBBAAAAAAAAAAAAAAAAAAAA
GGGGGGGGGGGGGGGGGGGGAAAAAAWWWWWWWWWWWWWWWWWWAAAAAAAAAWWWWWWWWWWWWWWWWWWAAAAAAABBBAAAAAAAAAAAAAAAAAAA
GGGGGGGGGGGGGGGGGGAAAAAAAAWWWWWWWWWWWWWWWWWWAAAAAAAAAWWWWWWWWWWWWWWWWWWAAAAAAAAABBBAAAAAAAAAAAAAAAAA
GGGGGGGGGGGGGGGGAAAAAAAAAWWWWWWWWWWWWWWWWWWWAAAAAAAAAWWWWWWWWWWWWWWWWWWWAAAAAAAAAABBBAAAAAAAAAAAAAAA
GGGGGGGGGGGGGGAAAAAAAAAAAWWWWWWWWWWWWWWWWWWWAAAAAAAAAWWWWWWWWWWWWWWWWWWWAAAAAAAAAAAABBBBAAAAAAAAAAAA
GGGGGGGGGGAAAAAAAAAAAAAAWWWWWWWWWWWWWWWWWWWWAAAAAAAAAWWWWWWWWWWWWWWWWWWWWAAAAAAAAAAAAABBBBBBAAAAAAAA
AAAAAAAAAAAAAAAAAAAAAAAAWWWWWWWWWWWWWWWWWWWWAAAAAAAAAWWWWWWWWWWWWWWWWWWWWAAAAAAAAAAAAAAAABBBBBAAAAAA
AAAAAAAAAAAAAAAAAAAAAAAWWWWWWWWWWWWWWWWWWWWWAAAAAAAAAWWWWWWWWWWWWWWWWWWWWWAAAAAAAAAAAAAAAAAAAAAAAAAA
AAAAAAAAAAAAAAAAAAAAAAAWWWWWWWWWWWWWWWWWWWWWAAAAAAAAAWWWWWWWWWWWWWWWWWWWWWAAAAAAAAAAAAAAAAAAAAAAAAAA
AAAAAAAAAAAAAAAAAAAAAAAWWWWWWWWWWWWWWWWWWWWWGGGGGGGGGWWWWWWWWWWWWWWWWWWWWWAAAAAAAAAAAAAAAAAAAAAAAAAA
AAAAAAAAAAAAAAAAAAAAAAAWWWWWWWWWWWWWWWWWWWWWGGGGGGGGGWWWWWWWWWWWWWWWWWWWWWAAAAAAAAAAAAAAAAAAAAAAAAAA
AAAAAAAAAAAAAAAAAAAAAAAAAAAAAAAAAAAAAAAAAAGGGGGGGGGGGGGAAAAAAAAAAAAAAAAAAAAAAAAAAAAAAAAAAAAAAAAAAAAA
AAAAAAAAAAAAAAAAAAAAAAAAAAAAAAAAAAAAAAAAAAGGGGGGGGGGGGGAAAAAAAAAAAAAAAAAAAAAAAAAAAAAAAAAAAAAAAAAAAAA
AAAAAAAAAAAAAAAAAAAAAAAAAAAAAAAAAAAAAAAAAAGGGGGGGGGGGGGAAAAAAAAAAAAAAAAAAAAAAAAAAAAAAAAAAAAAAAAAAAAA
AAAAAAAAAAAAAAAAAAAAAAAAAAAAAAAAAAAAAAAAAAGGGGGGGGGGGGGAAAAAAAAAAAAAAAAAAAAAAAAAAAAAAAAAAAAAAAAAAAAA
AAAAAAAAAAAAAAAAAAAAAAAAAAAAAAAAAAAAAAAAAAGGGGGGGGGGGGGAAAAAAAAAAAAAAAAAAAAAAAAAAAAAAAAAAAAAAAAAAAAA
AAAAAAAAAAAAAAAAAAAAAAAAAAAAAAAAAAAAAAAAAAGGGGGGGGGGGGGAAAAAAAAAAAAAAAAAAAAAAAAAAAAAAAAAAAAAAAAAAAAA
AAAAAAAAAAAAAAAAAAAAAAAAAAAAAAAAAAAAAAAAAAGGGGGGGGGGGGGAAAAAAAAAAAAAAAAAAAAAAAAAAAAAAAAAAAAAAAAAAAAA
AAAAAAAAAAAAAAAAAAAAAAAAAAAAAAAAAAAAAAAAAAGGGGGGGGGGGGGAAAAAAAAAAAAAAAAAAAAAAAAAAAAAAAAAAAAAAAAAAAAA
AAAAAAAAAAAAAAAAAAAAAAAAAAAAAAAAAAAAAAAAAAGGGGGGGGGGGGGAAAAAAAAAAAAAAAAAAAAAAAAAAAAAAAAAAAAAAAAAAAAA
AAAAAAAAAAAAAAAAAAAAAAAWWWWWWWWWWWWWWWWWWWWWGGGGGGGGGWWWWWWWWWWWWWWWWWWWWWAAAAAAAAAAAAAAAAAAAAAAAAAA
AAAAAAAAAAAAAAAAAAAAAAAWWWWWWWWWWWWWWWWWWWWWGGGGGGGGGWWWWWWWWWWWWWWWWWWWWWAAAAAAAAAAAAAAAAAAAAAAAAAA
AAAAAAAAAAAAAAAAAAAAAAAWWWWWWWWWWWWWWWWWWWWWAAAAAAAAAWWWWWWWWWWWWWWWWWWWWWAAAAAAAAAAAAAAAAAAAAAAAAAA
AAAAAAAAAAAAAAAAAAAAAAAWWWWWWWWWWWWWWWWWWWWWAAAAAAAAAWWWWWWWWWWWWWWWWWWWWWAAAAAAAAAAAAAAAAAAAAAAAAAA
AAAAAAAAAAAAAAAAAAAAAAAAWWWWWWWWWWWWWWWWWWWWAAAAAAAAAWWWWWWWWWWWWWWWWWWWWAAAAAAAAAAAAAAAAAAAAAAAAAAA
AAAAAAAAAAAAAAAAAAAAAAAAWWWWWWWWWWWWWWWWWWWWAAAAAAAAAWWWWWWWWWWWWWWWWWWWWAAAAAAAAAAAAAAAAGGGGGGGGGGG
AAAAAAAAAAAAAAAAAAAAAAAAAWWWWWWWWWWWWWWWWWWWAAAAAAAAAWWWWWWWWWWWWWWWWWWWAAAAAAAAAAAAAGGGGGGGGGGGGGGG
AAAAAAAAAAAAAAAAAAAAAAAAAWWWWWWWWWWWWWWWWWWWAAAAAAAAAWWWWWWWWWWWWWWWWWWWAAAAAAAAAAAGGGGGGGGGGGGGGGGG
AAAAAABBBBBAAAAAAAAAAAAAAAWWWWWWWWWWWWWWWWWWAAAAAAAAAWWWWWWWWWWWWWWWWWWAAAAAAAAAGGGGGGGGGGGGGGGGGGGG
AAAAAAAAABBBBBAAAAAAAAAAAAWWWWWWWWWWWWWWWWWWAAAAAAAAAWWWWWWWWWWWWWWWWWWAAAAAAAGGGGGGGGGGGGGGGGGGGGGG
AAAAAAAAAAAAABBBBAAAAAAAAAAWWWWWWWWWWWWWWWWWAAAAAAAAAWWWWWWWWWWWWWWWWWAAAAAAAGGGGGGGGGGGGGGGGGGGGGGG
AAAAAAAAAAAAAAABBBBAAAAAAAAAWWWWWWWWWWWWWWWWAAAAAAAAAWWWWWWWWWWWWWWWWAAAAAAGGGGGGGGGGGGGGGGGGGGGGGGG
AAAAAAAAAAAAAAAAAABBBAAAAAAAWWWWWWWWWWWWWWWWAAAAAAAAAWWWWWWWWWWWWWWWWAAAAAGGGGGGGGGGGGGGGGGGGGGGGGGG
AAAAAAAAAAAAAAAAAAAABBBAAAAAAWWWWWWWWWWWWWWWAAAAAAAAAWWWWWWWWWWWWWWWAAAAGGGGGGGGGGGGGGGGGGGGGGGGGGGG
AAAAAAAAAAAAAAAAAAAAABBBAAAAAAWWWWWWWWWWWWWWAAAAAAAAAWWWWWWWWWWWWWWAAAAGGGGGGGGGGGGGGGGGGGGGGGGGGGGG
AAAAAAAAAAAAAAAAAAAAAAABBAAAAAAWWWWWWWWWWWWWAAAAAAAAAWWWWWWWWWWWWWAAAAGGGGGGGGGGGGGGGGGGGGGGGGGGGGGG
AAAAAAAAAAAAAAAAAAAAAAAABBBAAAAAAWWWWWWWWWWWAAAAAAAAAWWWWWWWWWWWAAAAAGGGGGGGGGGGGGGGGGGGGGGGGGGGGGGG
AAAAAAAAAAAAAAAAAAAAAAAAAABBAAAAAAWWWWWWWWWWAAAAAAAAAWWWWWWWWWWAAAAAGGGGGGGGGGGGGGGGGGGGGGGGGGGGGGGG
AAAAAAAAAAAAAAAAAAAAAAAAAAABBAAAAAAAWWWWWWWWAAAAAAAAAWWWWWWWWAAAAAAGGGGGGGGGGGGGGGGGGGGGGGGGGGGGGGGG
AAAAAAAAAAAAAAAAAAAAAAAAAAAABBAAAAAAAAWWWWWWAAAAAAAAAWWWWWWAAAAAAAGGGGGGGGGGGGGGGGGGGGGGGGGGGGGGGGGG
AAAAAAAAAAAAAAAAAAAAAAAAAAAAABBAAAAAAAAAWWWWAAAAAAAAAWWWWAAAAAAAAGGGGGGGGGGGGGGGGGGGGGGGGGGGGGGAAAAA
AAAAAAAAAAAAAAAAAAAAAAAAAAAAAABBAAAAAAAAAAAAAAAAAAAAAAAAAAAAAAAAGGGGGGGGGGGGGGGGGGGGGGGGGGGAAAAAAAAA
AAAAAAAAAAAAAAAAAAAAAAAAAAAAAAABBAAAAAAAAAAAAAAAAAAAAAAAAAAAAAAAGGGGGGGGGGGGGGGGGGGGGGGGAAAAAAAAAAAA
AAAAAAAAAAAAAAAAAAAAAAAAAAAAAAAABAAAAAAAAAAAAAAAAAAAAAAAAAAAAAAGGGGGGGGGGGGGGGGGGGGGGGAAAAAAAAAAAAAA
AAAAAAAAAAAAAAAAAAAAAAAAAAAAAAAABBAAAAAAAAAAAAAAAAAAAAAAAAAAAAGGGGGGGGGGGGGGGGGGGGGGAAAAAAAAAAAAAAAA
AAAAAAAAAAAAAAAAAAAAAAAAAAAAAAAAABBAAAAAAAAAAAAAAAAAAAAAAAAAAAGGGGGGGGGGGGGGGGGGGGGAAAAAAAAAAAAAAAAA
AAAAAAAAAAAAAAAAAAAAAAAAAAAAAAAAAABBAAAAAAAAAAAAAAAAAAAAAAAAAGGGGGGGGGGGGGGGGGGGGGAAAAAAAAAAAAAAAAAA
AAAAAAAAAAAAAAAAAAAAAAAAAAAAAAAAAABBAAAAAAAAAAAAAAAAAAAAAAAAGGGGGGGGGGGGGGGGGGGGAAAAAAAAAAAAAAAAAAAA
AAAAAAAAAAAAAAAAAAAAAAAAAAAAAAAAAAABBAAAAAAAAAAAAAAAAAAAAAAAGGGGGGGGGGGGGGGGGGGAAAAAAAAAAAAAAAAAAAAA
AAAAAAAAAAAAAAAAAAAAAAAAAAAAAAAAAAAABAAAAAAAAAAAAAAAAAAAAAAGGGGGGGGGGGGGGGGGGGAAAAAAAAAAAAAAAAAAAAAA
AAAAAAAAAAAAAAAAAAAAAAAAAAAAAAAAAAAABBAAAAAAAAAAAAAAAAAAAAAGGGGGGGGGGGGGGGGGGGAAAAAAAAAAAAAAAAAAAAAA
AAAAAAAAAAAAAAAAAAAAAAAAAAAAAAAAAAAAABAAAAAAAAAAAAAAAAAAAAAGGGGGGGGGGGGGGGGGGAAAAAAAAAAAAAAAAAAAAAAA
AAAAAAAAAAAAAAAAAAAAAAAAAAAAAAAAAAAAABBAAAAAAAAAAAAAAAAAAAGGGGGGGGGGGGGGGGGGAAAAAAAAAAAAAAAAAAAAAAAA
GGGGAAAAAAAAAAAAAAAAAAAAAAAAAAAAAAAAABBAAAAAAAAAAAAAAAAAAAGGGGGGGGGGGGGGGGGAAAAAAAAAAAAAAAAAAAAAAAAA
GGGGGGGAAAAAAAAAAAAAAAAAAAAAAAAAAAAAAABAAAAAAAAAAAAAAAAAAGGGGGGGGGGGGGGGGGGAAAAAAAAAAAAAAAAAAAAAAAAA
GGGGGGGGGAAAAAAAAAAAAAAAAAAAAAAAAAAAAABBAAAAAAAAAAAAAAAAAGGGGGGGGGGGGGGGGGAAAAAAAAAAAAAAAAAAAAAAAAAA
GGGGGGGGGGAAAAAAAAAAAAAAAAAAAAAAAAAAAAABAAAAAAAAAAAAAAAAAGGGGGGGGGGGGGGGGGAAAAAAAAAAAAAAAAAAAAAAAAAA
GGGGGGGGGGGAAAAAAAAAAAAAAAAAAAAAAAAAAAABAAAAAAAAAAAAAAAAAGGGGGGGGGGGGGGGGAAAAAAAAAAAAAAAAAAAAAAAAAAA
GGGGGGGGGGGGAAAAAAAAAAAAAAAAAAAAAAAAAAABBAAAAAAAAAAAAAAAGGGGGGGGGGGGGGGGGAAAAAAAAAAAAAAAAAAAAAAAAAAA
GGGGGGGGGGGGGAAAAAAAAAAAAAAAAAAAAAAAAAABBAAAAAAAAAAAAAAAGGGGGGGGGGGGGGGGGAAAAAAAAAAAAAAAAAAAAAAAAAAA
GGGGGGGGGGGGGGAAAAAAAAAAAAAAAAAAAAAAAAAABAAAAAAAAAAAAAAAGGGGGGGGGGGGGGGGAAAAAAAAAAAAAAAAAAAAAAAAAAAA
GGGGGGGGGGGGGGAAAAAAAAAAAAAAAAAAAAAAAAAABAAAAAAAAAAAAAAAGGGGGGGGGGGGGGGGAAAAAAAAAAAAAAAAAAAAAAAAAAAA
GGGGGGGGGGGGGGGAAAAAAAAAAAAAAAAAAAAAAAAABAAAAAAAAAAAAAAAGGGGGGGGGGGGGGGGAAAAAAAAAAAAAAAAAAAAAAAAAAAA
GGGGGGGGGGGGGGGAAAAAAAAAAAAAAAAAAAAAAAAAAAAAAAAAAAAAAAAAGGGGGGGGGGGGGGGGAAAAAAAAAAAAAAAAAAAAAAAAAAAA
GGGGGGGGGGGGGGGAAAAAAAAAAAAAAAAAAAAAAAAAAAAAAAAAAAAAAAAAGGGGGGGGGGGGGGGAAAAAAAAAAAAAAAAAAAAAAAAAAAAA
GGGGGGGGGGGGGGGGAAAAAAAAAAAAAAAAAAAAAAAAAAAAAAAAAAAAAAAAGGGGGGGGGGGGGGGAAAAAAAAAAAAAAAAAAAAAAAAAAAAA
GGGGGGGGGGGGGGGGAAAAAAAAAAAAAAAAAAAAAAAAAAAAAAAAAAAAAAAAGGGGGGGGGGGGGGGAAAAAAAAAAAAAAAAAAAAAAAAAAAAA
GGGGGGGGGGGGGGGGAAAAAAAAAAAAAAAAAAAAAAAAAAAAAAAAAAAAAAAAGGGGGGGGGGGGGGGAAAAAAAAAAAAAAAAAAAAAAAAAAAAA
GGGGGGGGGGGGGGGGAAAAAAAAAAAAAAAAAAAAAAAAAAAAAAAAAAAAAAAAGGGGGGGGGGGGGGGAAAAAAAAAAAAAAAAAAAAAAAAAAAAA
